<?xml version="1.0" encoding="utf-8"?><testsuites name="pytest tests"><testsuite name="pytest" errors="0" failures="0" skipped="0" tests="2" time="9.926" timestamp="2026-09-09T12:10:43.731492+05:30" hostname="DESKTOP-BT6JH08"><testcase classname="tests.test_sample" name="test_google_title" time="2.852" /><testcase classname="tests.test_sample" name="test_search_interaction" time="6.966" /></testsuite></testsuites>